[2024-12-30 15:57:37,314: INFO: _internal: [31m[1mWARNING: This is a development server. Do not use it in a production deployment. Use a production WSGI server instead.[0m
 * Running on all addresses (0.0.0.0)
 * Running on http://127.0.0.1:8080
 * Running on http://192.168.18.66:8080]
[2024-12-30 15:57:37,315: INFO: _internal: [33mPress CTRL+C to quit[0m]
[2024-12-30 15:57:54,682: INFO: main: >>>>>> stage Data Ingestion stage started <<<<<<]
[2024-12-30 15:57:54,682: INFO: common: yaml file: config\config.yaml loaded successfully]
[2024-12-30 15:57:54,683: ERROR: main: yaml file is empty]
Traceback (most recent call last):
  File "C:\Users\USER\Desktop\wineprediction\src\datascience\utils\common.py", line 31, in read_yaml
    return ConfigBox(content)
  File "box\\box.py", line 296, in box.box.Box.__init__
box.exceptions.BoxValueError: First argument must be mapping or iterable

During handling of the above exception, another exception occurred:

Traceback (most recent call last):
  File "C:\Users\USER\Desktop\wineprediction\main.py", line 12, in <module>
    data_ingestion.initiate_data_ingestion()
  File "C:\Users\USER\Desktop\wineprediction\src\datascience\pipeline\data_ingestion_pipeline.py", line 13, in initiate_data_ingestion
    config=ConfigurationManager()
  File "C:\Users\USER\Desktop\wineprediction\src\datascience\config\configuration.py", line 13, in __init__
    self.config=read_yaml(config_filepath)
  File "C:\Users\USER\Desktop\wineprediction\venv\lib\site-packages\ensure\main.py", line 872, in __call__
    return_val = self.f(*args, **kwargs)
  File "C:\Users\USER\Desktop\wineprediction\src\datascience\utils\common.py", line 33, in read_yaml
    raise ValueError("yaml file is empty")
ValueError: yaml file is empty
[2024-12-30 15:59:25,036: INFO: _internal: [31m[1mWARNING: This is a development server. Do not use it in a production deployment. Use a production WSGI server instead.[0m
 * Running on all addresses (0.0.0.0)
 * Running on http://127.0.0.1:8080
 * Running on http://192.168.18.66:8080]
[2024-12-30 15:59:25,036: INFO: _internal: [33mPress CTRL+C to quit[0m]
[2024-12-30 15:59:38,442: INFO: main: >>>>>> stage Data Ingestion stage started <<<<<<]
[2024-12-30 15:59:38,443: INFO: common: yaml file: config\config.yaml loaded successfully]
[2024-12-30 15:59:38,443: ERROR: main: yaml file is empty]
Traceback (most recent call last):
  File "C:\Users\USER\Desktop\wineprediction\src\datascience\utils\common.py", line 31, in read_yaml
    return ConfigBox(content)
  File "box\\box.py", line 296, in box.box.Box.__init__
box.exceptions.BoxValueError: First argument must be mapping or iterable

During handling of the above exception, another exception occurred:

Traceback (most recent call last):
  File "C:\Users\USER\Desktop\wineprediction\main.py", line 12, in <module>
    data_ingestion.initiate_data_ingestion()
  File "C:\Users\USER\Desktop\wineprediction\src\datascience\pipeline\data_ingestion_pipeline.py", line 13, in initiate_data_ingestion
    config=ConfigurationManager()
  File "C:\Users\USER\Desktop\wineprediction\src\datascience\config\configuration.py", line 13, in __init__
    self.config=read_yaml(config_filepath)
  File "C:\Users\USER\Desktop\wineprediction\venv\lib\site-packages\ensure\main.py", line 872, in __call__
    return_val = self.f(*args, **kwargs)
  File "C:\Users\USER\Desktop\wineprediction\src\datascience\utils\common.py", line 33, in read_yaml
    raise ValueError("yaml file is empty")
ValueError: yaml file is empty
[2024-12-30 16:04:15,713: INFO: _internal: [31m[1mWARNING: This is a development server. Do not use it in a production deployment. Use a production WSGI server instead.[0m
 * Running on all addresses (0.0.0.0)
 * Running on http://127.0.0.1:8080
 * Running on http://192.168.18.66:8080]
[2024-12-30 16:04:15,713: INFO: _internal: [33mPress CTRL+C to quit[0m]
[2024-12-30 16:04:34,267: INFO: main: >>>>>> stage Data Ingestion stage started <<<<<<]
[2024-12-30 16:04:34,271: INFO: common: yaml file: config\config.yaml loaded successfully]
[2024-12-30 16:04:34,273: INFO: common: yaml file: params.yaml loaded successfully]
[2024-12-30 16:04:34,276: INFO: common: yaml file: schema.yaml loaded successfully]
[2024-12-30 16:04:34,277: INFO: common: created directory at: artifacts]
[2024-12-30 16:04:34,277: INFO: common: created directory at: artifacts/data_ingestion]
[2024-12-30 16:04:36,210: INFO: data_ingestion: artifacts/data_ingestion/data.zip download! with following info: 
Connection: close
Content-Length: 23329
Cache-Control: max-age=300
Content-Security-Policy: default-src 'none'; style-src 'unsafe-inline'; sandbox
Content-Type: application/zip
ETag: "c69888a4ae59bc5a893392785a938ccd4937981c06ba8a9d6a21aa52b4ab5b6e"
Strict-Transport-Security: max-age=31536000
X-Content-Type-Options: nosniff
X-Frame-Options: deny
X-XSS-Protection: 1; mode=block
X-GitHub-Request-Id: A367:08AC:349817:4EDCB0:6772773B
Accept-Ranges: bytes
Date: Mon, 30 Dec 2024 10:34:35 GMT
Via: 1.1 varnish
X-Served-By: cache-maa10245-MAA
X-Cache: MISS
X-Cache-Hits: 0
X-Timer: S1735554875.464330,VS0,VE333
Vary: Authorization,Accept-Encoding,Origin
Access-Control-Allow-Origin: *
Cross-Origin-Resource-Policy: cross-origin
X-Fastly-Request-ID: 74ce0b2de8727ea04c41e685a399734b338494de
Expires: Mon, 30 Dec 2024 10:39:35 GMT
Source-Age: 0

]
[2024-12-30 16:04:36,224: INFO: main: >>>>>> stage Data Ingestion stage completed <<<<<<

x==========x]
[2024-12-30 16:04:36,224: INFO: main: >>>>>> stage Data Validation stage started <<<<<<]
[2024-12-30 16:04:36,227: INFO: common: yaml file: config\config.yaml loaded successfully]
[2024-12-30 16:04:36,227: INFO: common: yaml file: params.yaml loaded successfully]
[2024-12-30 16:04:36,229: INFO: common: yaml file: schema.yaml loaded successfully]
[2024-12-30 16:04:36,229: INFO: common: created directory at: artifacts]
[2024-12-30 16:04:36,230: INFO: common: created directory at: artifacts/data_validation]
[2024-12-30 16:04:36,251: INFO: main: >>>>>> stage Data Validation stage completed <<<<<<

x==========x]
[2024-12-30 16:04:36,251: INFO: main: >>>>>> stage Data Transformation stage started <<<<<<]
[2024-12-30 16:04:36,259: INFO: common: yaml file: config\config.yaml loaded successfully]
[2024-12-30 16:04:36,260: INFO: common: yaml file: params.yaml loaded successfully]
[2024-12-30 16:04:36,262: INFO: common: yaml file: schema.yaml loaded successfully]
[2024-12-30 16:04:36,262: INFO: common: created directory at: artifacts]
[2024-12-30 16:04:36,263: INFO: common: created directory at: artifacts/data_transformation]
[2024-12-30 16:04:36,288: INFO: data_transformation: Splited data into training and test sets]
[2024-12-30 16:04:36,288: INFO: data_transformation: (1199, 12)]
[2024-12-30 16:04:36,288: INFO: data_transformation: (400, 12)]
[2024-12-30 16:04:36,289: INFO: main: >>>>>> stage Data Transformation stage completed <<<<<<

x==========x]
[2024-12-30 16:04:36,289: INFO: main: >>>>>> stage Model Trainer stage started <<<<<<]
[2024-12-30 16:04:36,291: INFO: common: yaml file: config\config.yaml loaded successfully]
[2024-12-30 16:04:36,292: INFO: common: yaml file: params.yaml loaded successfully]
[2024-12-30 16:04:36,293: INFO: common: yaml file: schema.yaml loaded successfully]
[2024-12-30 16:04:36,294: INFO: common: created directory at: artifacts]
[2024-12-30 16:04:36,294: INFO: common: created directory at: artifacts/model_trainer]
[2024-12-30 16:04:36,327: INFO: main: >>>>>> stage Model Trainer stage completed <<<<<<

x==========x]
[2024-12-30 16:04:36,327: INFO: main: >>>>>> stage Model evaluation stage started <<<<<<]
[2024-12-30 16:04:36,330: INFO: common: yaml file: config\config.yaml loaded successfully]
[2024-12-30 16:04:36,331: INFO: common: yaml file: params.yaml loaded successfully]
[2024-12-30 16:04:36,333: INFO: common: yaml file: schema.yaml loaded successfully]
[2024-12-30 16:04:36,333: INFO: common: created directory at: artifacts]
[2024-12-30 16:04:36,334: INFO: common: created directory at: artifacts/model_evaluation]
[2024-12-30 16:04:37,228: INFO: common: json file saved at: artifacts\model_evaluation\metrics.json]
[2024-12-30 16:04:46,296: INFO: main: >>>>>> stage Model evaluation stage completed <<<<<<

x==========x]
